// Jest Snapshot v1, https://goo.gl/fbAQLP

exports[`<Backdrop /> renders 1`] = `
<div>
  <div
    class="backdrop"
  >
    Backdrop
    
  </div>
</div>
`;
