// Jest Snapshot v1, https://goo.gl/fbAQLP

exports[`<SideDrawer /> renders 1`] = `
<div>
  <div
    class="sideDrawer"
  >
    SideDrawer
    
  </div>
</div>
`;
