// Jest Snapshot v1, https://goo.gl/fbAQLP

exports[`<Toolbar /> renders 1`] = `
<div>
  <div
    class="toolbar"
  >
    Toolbar
    
  </div>
</div>
`;
