// Jest Snapshot v1, https://goo.gl/fbAQLP

exports[`<SideDrawerMenu /> renders 1`] = `
<div>
  <div
    class="sideDrawerMenu"
  >
    SideDrawerMenu
    
  </div>
</div>
`;
